t= 0.00 [dx +0.0 dy +0.0 z 213.2 mm up 1.00 c 0] [dx +0.0 dy +0.0 z 213.2 mm up 1.00 c 0]
t= 0.50 [dx +0.2 dy -0.0 z 167.9 mm up 1.00 c 8] [dx +0.2 dy -0.0 z 167.9 mm up 1.00 c 8]
t= 1.00 [dx +114.4 dy -0.0 z 121.2 mm up 0.14 c 12] [dx +115.3 dy -0.0 z 120.0 mm up 0.15 c 12]
t= 1.50 [dx +128.7 dy +3.7 z 144.4 mm up -0.77 c 3] [dx +110.6 dy +12.7 z 137.9 mm up -0.71 c 16]
t= 2.00 [dx +72.7 dy +10.6 z 130.2 mm up -0.60 c 5] [dx +64.5 dy +30.3 z 128.0 mm up -0.52 c 2]
t= 2.50 [dx +96.6 dy +19.0 z 121.3 mm up -0.63 c 9] [dx +127.7 dy +20.0 z 123.2 mm up -0.64 c 7]
t= 3.00 [dx +70.0 dy +22.5 z 82.3 mm up -0.30 c 9] [dx +139.5 dy +20.0 z 82.6 mm up -0.31 c 9]
t= 3.50 [dx +48.7 dy +25.9 z 55.6 mm up 0.00 c 8] [dx +123.4 dy +23.6 z 55.6 mm up 0.00 c 8]
t= 4.00 [dx +44.7 dy +33.1 z 55.2 mm up 0.01 c 12] [dx +119.8 dy +30.3 z 55.2 mm up 0.01 c 12]
t= 4.50 [dx +63.1 dy +33.4 z 85.6 mm up -0.33 c 9] [dx +137.7 dy +31.2 z 85.6 mm up -0.33 c 9]
t= 5.00 [dx +86.9 dy +44.4 z 124.9 mm up -0.66 c 9] [dx +135.1 dy +36.3 z 85.8 mm up -0.38 c 9]
t= 5.50 [dx +78.3 dy +58.8 z 129.6 mm up -0.50 c 9] [dx +148.3 dy +32.0 z 87.3 mm up -0.08 c 8]
t= 6.00 [dx +152.0 dy +11.9 z 147.0 mm up -0.20 c 6] [dx +219.5 dy +19.2 z 114.3 mm up 0.11 c 8]
t= 6.50 [dx +195.0 dy -18.0 z 116.5 mm up 0.18 c 11] [dx +281.4 dy -4.0 z 116.5 mm up 0.18 c 12]
t= 7.00 [dx +216.0 dy -32.2 z 118.7 mm up 0.33 c 4] [dx +301.7 dy -15.7 z 118.6 mm up 0.33 c 4]
t= 7.50 [dx +219.5 dy -39.6 z 125.8 mm up 0.22 c 8] [dx +305.7 dy -23.4 z 125.8 mm up 0.22 c 8]
t= 8.00 [dx +313.1 dy -96.2 z 76.4 mm up -0.40 c 6] [dx +399.6 dy -79.5 z 76.4 mm up -0.40 c 6]
t= 8.50 [dx +305.1 dy -91.1 z 76.0 mm up -0.38 c 8] [dx +391.6 dy -74.5 z 76.0 mm up -0.38 c 8]
t= 9.00 [dx +305.1 dy -91.1 z 76.0 mm up -0.38 c 8] [dx +391.5 dy -74.4 z 76.0 mm up -0.38 c 8]
t= 9.50 [dx +305.1 dy -91.1 z 76.0 mm up -0.38 c 8] [dx +391.5 dy -74.4 z 76.0 mm up -0.38 c 8]
wrote /Users/inaba/mnist/docs/src/eusview_media/cmp_torque.mp4 300 frames
