t= 0.00 [dx +0.0 dy +0.0 z 297.6 mm up 1.00 c 0] [dx +0.0 dy +0.0 z 297.6 mm up 1.00 c 0]
t= 0.50 [dx +15.8 dy -0.0 z 219.1 mm up 0.48 c 8] [dx -3.9 dy -0.0 z 195.8 mm up 0.48 c 8]
t= 1.00 [dx +176.8 dy +0.0 z 197.0 mm up 0.03 c 8] [dx -46.4 dy -0.0 z 131.1 mm up 0.67 c 8]
t= 1.50 [dx +155.0 dy +0.0 z 176.5 mm up 0.40 c 8] [dx -170.7 dy -0.0 z 123.3 mm up 0.94 c 4]
t= 2.00 [dx +256.9 dy -8.1 z 126.8 mm up 0.29 c 6] [dx -303.1 dy +1.1 z 85.7 mm up -0.03 c 2]
t= 2.50 [dx +374.5 dy -6.8 z 56.2 mm up -0.04 c 8] [dx -321.0 dy +1.3 z 79.9 mm up 0.06 c 8]
t= 3.00 [dx +384.4 dy -7.6 z 52.4 mm up -0.02 c 16] [dx -321.7 dy +1.3 z 79.9 mm up 0.05 c 8]
t= 3.50 [dx +384.4 dy -7.6 z 52.4 mm up -0.02 c 16] [dx -321.7 dy +1.3 z 79.9 mm up 0.05 c 8]
t= 4.00 [dx +384.4 dy -7.6 z 52.4 mm up -0.02 c 16] [dx -321.7 dy +1.3 z 79.9 mm up 0.05 c 8]
t= 4.50 [dx +305.0 dy -8.7 z 89.7 mm up 0.26 c 2] [dx -260.7 dy +1.1 z 103.0 mm up 0.57 c 2]
t= 5.00 [dx +215.0 dy -10.4 z 81.3 mm up 0.61 c 2] [dx -161.9 dy +0.5 z 125.9 mm up 0.99 c 6]
t= 5.50 [dx +279.6 dy -9.1 z 190.1 mm up 0.16 c 8] [dx -89.5 dy +0.9 z 145.8 mm up 0.30 c 4]
t= 6.00 [dx +285.7 dy -2.3 z 199.6 mm up 0.19 c 4] [dx -86.3 dy +1.0 z 148.9 mm up 0.22 c 8]
t= 6.50 [dx +238.2 dy -0.1 z 267.8 mm up 0.86 c 8] [dx -73.5 dy +1.0 z 226.4 mm up 0.58 c 8]
t= 7.00 [dx +245.0 dy -0.3 z 295.9 mm up 1.00 c 8] [dx -80.2 dy +1.0 z 294.5 mm up 0.99 c 8]
t= 7.50 [dx +245.3 dy -0.3 z 296.0 mm up 1.00 c 8] [dx -78.5 dy +1.0 z 296.0 mm up 1.00 c 8]
t= 8.00 [dx +245.3 dy -0.3 z 296.0 mm up 1.00 c 8] [dx -78.4 dy +1.0 z 296.0 mm up 1.00 c 8]
t= 8.50 [dx +245.3 dy -0.3 z 296.0 mm up 1.00 c 8] [dx -78.4 dy +1.0 z 296.0 mm up 1.00 c 8]
t= 9.00 [dx +245.3 dy -0.3 z 296.0 mm up 1.00 c 8] [dx -78.4 dy +1.0 z 296.0 mm up 1.00 c 8]
t= 9.50 [dx +245.3 dy -0.3 z 296.0 mm up 1.00 c 8] [dx -78.4 dy +1.0 z 296.0 mm up 1.00 c 8]
wrote /Users/inaba/mnist/docs/src/eusview_media/physics_fall_getup.mp4 300 frames
